// Jest Snapshot v1, https://goo.gl/fbAQLP

exports[`renders correctly 1`] = `
<a
  className="link"
  href="http://www.google.com"
>
  Google
</a>
`;
