// Jest Snapshot v1, https://goo.gl/fbAQLP

exports[`<Child /> renders correctly component 1`] = `
ShallowWrapper {
  Symbol(enzyme.__root__): [Circular],
  Symbol(enzyme.__unrendered__): <Child
    attrMsg="Attr msg"
    buttonLabel="My Label"
    onClicked={[MockFunction]}
  />,
  Symbol(enzyme.__renderer__): Object {
    "batchedUpdates": [Function],
    "getNode": [Function],
    "render": [Function],
    "simulateError": [Function],
    "simulateEvent": [Function],
    "unmount": [Function],
  },
  Symbol(enzyme.__node__): Object {
    "instance": null,
    "key": undefined,
    "nodeType": "host",
    "props": Object {
      "children": Array [
        <h1>
          Main Component
        </h1>,
        <button
          className="button"
          data-attrMsg="Attr msg"
          onClick={[Function]}
        >
          My Label
        </button>,
      ],
      "className": "child-component",
    },
    "ref": null,
    "rendered": Array [
      Object {
        "instance": null,
        "key": undefined,
        "nodeType": "host",
        "props": Object {
          "children": "Main Component",
        },
        "ref": null,
        "rendered": "Main Component",
        "type": "h1",
      },
      Object {
        "instance": null,
        "key": undefined,
        "nodeType": "host",
        "props": Object {
          "children": "My Label",
          "className": "button",
          "data-attrMsg": "Attr msg",
          "onClick": [Function],
        },
        "ref": null,
        "rendered": "My Label",
        "type": "button",
      },
    ],
    "type": "div",
  },
  Symbol(enzyme.__nodes__): Array [
    Object {
      "instance": null,
      "key": undefined,
      "nodeType": "host",
      "props": Object {
        "children": Array [
          <h1>
            Main Component
          </h1>,
          <button
            className="button"
            data-attrMsg="Attr msg"
            onClick={[Function]}
          >
            My Label
          </button>,
        ],
        "className": "child-component",
      },
      "ref": null,
      "rendered": Array [
        Object {
          "instance": null,
          "key": undefined,
          "nodeType": "host",
          "props": Object {
            "children": "Main Component",
          },
          "ref": null,
          "rendered": "Main Component",
          "type": "h1",
        },
        Object {
          "instance": null,
          "key": undefined,
          "nodeType": "host",
          "props": Object {
            "children": "My Label",
            "className": "button",
            "data-attrMsg": "Attr msg",
            "onClick": [Function],
          },
          "ref": null,
          "rendered": "My Label",
          "type": "button",
        },
      ],
      "type": "div",
    },
  ],
  Symbol(enzyme.__options__): Object {
    "adapter": ReactSixteenAdapter {
      "options": Object {
        "enableComponentDidUpdateOnSetState": true,
        "lifecycles": Object {
          "componentDidUpdate": Object {
            "onSetState": true,
          },
          "getDerivedStateFromProps": true,
          "getSnapshotBeforeUpdate": true,
          "setState": Object {
            "skipsComponentDidUpdateOnNullish": true,
          },
        },
      },
    },
  },
}
`;
